cubic_random_110 29
cubic_random_133 85
cubic_random_143 96
cubic_random_152 107
cubic_random_165 76
cubic_random_172 2
cubic_random_17 90
cubic_random_182 1
cubic_random_197 0
cubic_random_227 13
cubic_random_244 63
cubic_random_263 143
cubic_random_284 18
cubic_random_298 68
cubic_random_322 22
cubic_random_348 53
cubic_random_401 67
cubic_random_409 54
cubic_random_448 54
cubic_random_457 161
cubic_random_45 13
cubic_random_480 0
cubic_random_522 107
cubic_random_52 62
cubic_random_572 31
cubic_random_584 5
cubic_random_638 107
cubic_random_651 99
cubic_random_65 3
cubic_random_663 118
cubic_random_675 48
cubic_random_725 142
cubic_random_729 3
cubic_random_779 1
cubic_random_795 12
cubic_random_804 15
cubic_random_847 33
cubic_random_852 1
cubic_random_854 7
cubic_random_877 1
cubic_random_886 9
cubic_random_89 11
cubic_random_906 64
cubic_random_921 18
cubic_random_944 150
cubic_random_946 88
cubic_random_949 37
cubic_random_958 1
cubic_random_959 13
cubic_random_969 151
small_cycle 0
small_lollipop 10
small_path 0
small_perfect_binary_tree 0
small_random_chorded_cycle 0
small_random_chorded_forest 0
small_random_chorded_tree 0
small_random_tree 0
small_rectangular_lattice 0
small_star 0
