linear_random_116 -1 -1
linear_random_148 -1 -1
linear_random_158 -1 -1
linear_random_169 -1 -1
linear_random_203 -1 -1
linear_random_206 -1 -1
linear_random_217 -1 -1
linear_random_227 -1 -1
linear_random_247 -1 -1
linear_random_256 -1 -1
linear_random_270 -1 -1
linear_random_274 -1 -1
linear_random_302 -1 -1
linear_random_30 -1 -1
linear_random_373 -1 -1
linear_random_422 -1 -1
linear_random_424 -1 -1
linear_random_429 -1 -1
linear_random_456 -1 -1
linear_random_467 -1 -1
linear_random_473 -1 -1
linear_random_476 -1 -1
linear_random_487 -1 -1
linear_random_498 -1 -1
linear_random_507 156 130
linear_random_52 -1 -1
linear_random_533 129 131
linear_random_53 -1 -1
linear_random_560 151 124
linear_random_605 154 162
linear_random_608 119 121
linear_random_609 128 134
linear_random_612 135 138
linear_random_623 131 130
linear_random_668 126 126
linear_random_67 -1 -1
linear_random_689 143 125
linear_random_708 115 141
linear_random_70 -1 -1
linear_random_772 152 141
linear_random_791 126 124
linear_random_808 157 146
linear_random_84 -1 -1
linear_random_851 156 147
linear_random_916 130 116
linear_random_919 155 167
linear_random_91 -1 -1
linear_random_924 120 121
linear_random_937 142 145
linear_random_943 139 142
small_complete -1 -1
small_edgeless 6 6
small_lollipop 1 1
small_perfect_binary_arborescence 1 8
small_perfect_ternary_anti_arborescence 27 1
small_perfect_ternary_arborescence 1 27
small_random_anti_arborescence 3 1
small_random_polyforest 4 4
small_rectangular_lattice 1 1
small_star 1 7
small_triangular_lattice 1 1
