cubic_random_110 0.0703
cubic_random_133 0.0811
cubic_random_143 0.1038
cubic_random_152 0.1018
cubic_random_165 0.0692
cubic_random_172 0.0040
cubic_random_17 0.0898
cubic_random_182 0.0136
cubic_random_197 0.0000
cubic_random_227 0.0333
cubic_random_244 0.0655
cubic_random_263 0.0977
cubic_random_284 0.0420
cubic_random_298 0.0752
cubic_random_322 0.0568
cubic_random_348 0.0693
cubic_random_401 0.0892
cubic_random_409 0.0762
cubic_random_448 0.0763
cubic_random_457 0.1091
cubic_random_45 0.0253
cubic_random_480 0.0000
cubic_random_522 0.0893
cubic_random_52 0.0730
cubic_random_572 0.0769
cubic_random_584 0.0271
cubic_random_638 0.0955
cubic_random_651 0.0897
cubic_random_65 0.0120
cubic_random_663 0.0934
cubic_random_675 0.0909
cubic_random_725 0.1050
cubic_random_729 0.0349
cubic_random_779 0.0155
cubic_random_795 0.0477
cubic_random_804 0.0537
cubic_random_847 0.0591
cubic_random_852 0.0226
cubic_random_854 0.0399
cubic_random_877 0.0163
cubic_random_886 0.0379
cubic_random_89 0.0362
cubic_random_906 0.0683
cubic_random_921 0.0399
cubic_random_944 0.0925
cubic_random_946 0.0828
cubic_random_949 0.0559
cubic_random_958 0.0067
cubic_random_959 0.0555
cubic_random_969 0.1077
small_cycle 0.0000
small_lollipop 0.5111
small_path 0.0000
small_perfect_binary_tree 0.0000
small_random_chorded_cycle 0.0000
small_random_chorded_forest 0.0000
small_random_chorded_tree 0.0000
small_random_tree 0.0000
small_rectangular_lattice 0.0000
small_star 0.0000
