linear_random_104 false
linear_random_142 false
linear_random_170 false
linear_random_177 false
linear_random_187 false
linear_random_205 false
linear_random_222 false
linear_random_235 false
linear_random_239 false
linear_random_242 false
linear_random_253 false
linear_random_267 false
linear_random_276 false
linear_random_343 false
linear_random_345 false
linear_random_377 false
linear_random_407 false
linear_random_408 false
linear_random_430 false
linear_random_434 false
linear_random_467 false
linear_random_473 false
linear_random_53 false
linear_random_577 true
linear_random_606 true
linear_random_675 true
linear_random_685 true
linear_random_686 true
linear_random_700 true
linear_random_726 true
linear_random_729 true
linear_random_72 false
linear_random_730 true
linear_random_731 true
linear_random_743 true
linear_random_807 true
linear_random_817 true
linear_random_83 false
linear_random_850 true
linear_random_860 true
linear_random_864 true
linear_random_890 true
linear_random_895 true
linear_random_90 false
linear_random_910 true
linear_random_92 false
linear_random_938 true
linear_random_95 false
linear_random_966 true
linear_random_968 true
small_cycle false
small_lollipop false
small_path true
small_perfect_binary_tree true
small_random_chorded_cycle false
small_random_chorded_forest false
small_random_chorded_tree false
small_random_tree true
small_rectangular_lattice false
small_star true
